$ vite build
[36mvite v6.4.1 [32mbuilding SSR bundle for production...[36m[39m
transforming...
[32m✓[39m 153 modules transformed.
rendering chunks...
[36mvite v6.4.1 [32mbuilding for production...[36m[39m
transforming...
[32m✓[39m 169 modules transformed.
rendering chunks...
computing gzip size...
[2m.svelte-kit/output/client/[22m[32m_app/version.json                               [39m[1m[2m 0.03 kB[22m[1m[22m[2m │ gzip:  0.05 kB[22m
[2m.svelte-kit/output/client/[22m[32m.vite/manifest.json                             [39m[1m[2m 6.28 kB[22m[1m[22m[2m │ gzip:  0.86 kB[22m
[2m.svelte-kit/output/client/[22m[35m_app/immutable/assets/ProductCard.JCslslqF.css  [39m[1m[2m 0.15 kB[22m[1m[22m[2m │ gzip:  0.12 kB[22m
[2m.svelte-kit/output/client/[22m[35m_app/immutable/assets/0.DJwEVcct.css            [39m[1m[2m32.25 kB[22m[1m[22m[2m │ gzip:  6.50 kB[22m
[2m.svelte-kit/output/client/[22m[36m_app/immutable/chunks/mE3h8uM4.js               [39m[1m[2m 0.04 kB[22m[1m[22m[2m │ gzip:  0.06 kB[22m
[2m.svelte-kit/output/client/[22m[36m_app/immutable/entry/start.Mkd78a2x.js          [39m[1m[2m 0.08 kB[22m[1m[22m[2m │ gzip:  0.09 kB[22m
[2m.svelte-kit/output/client/[22m[36m_app/immutable/chunks/BqQKMpkl.js               [39m[1m[2m 0.33 kB[22m[1m[22m[2m │ gzip:  0.26 kB[22m
[2m.svelte-kit/output/client/[22m[36m_app/immutable/chunks/FZUbLCz6.js               [39m[1m[2m 0.38 kB[22m[1m[22m[2m │ gzip:  0.28 kB[22m
[2m.svelte-kit/output/client/[22m[36m_app/immutable/chunks/DSVi_HPv.js               [39m[1m[2m 0.97 kB[22m[1m[22m[2m │ gzip:  0.57 kB[22m
[2m.svelte-kit/output/client/[22m[36m_app/immutable/nodes/1.DCoOaBDb.js              [39m[1m[2m 1.02 kB[22m[1m[22m[2m │ gzip:  0.59 kB[22m
[2m.svelte-kit/output/client/[22m[36m_app/immutable/nodes/4.CPN6vMJj.js              [39m[1m[2m 1.04 kB[22m[1m[22m[2m │ gzip:  0.61 kB[22m
[2m.svelte-kit/output/client/[22m[36m_app/immutable/nodes/3.Cefcr9fB.js              [39m[1m[2m 1.99 kB[22m[1m[22m[2m │ gzip:  0.87 kB[22m
[2m.svelte-kit/output/client/[22m[36m_app/immutable/chunks/D3fsfZow.js               [39m[1m[2m 2.55 kB[22m[1m[22m[2m │ gzip:  1.16 kB[22m
[2m.svelte-kit/output/client/[22m[36m_app/immutable/nodes/0.BpklHR7S.js              [39m[1m[2m 2.77 kB[22m[1m[22m[2m │ gzip:  1.37 kB[22m
[2m.svelte-kit/output/client/[22m[36m_app/immutable/nodes/5.FcwjPHBM.js              [39m[1m[2m 3.12 kB[22m[1m[22m[2m │ gzip:  1.61 kB[22m
[2m.svelte-kit/output/client/[22m[36m_app/immutable/nodes/2.D1VFVQEM.js              [39m[1m[2m 3.19 kB[22m[1m[22m[2m │ gzip:  1.52 kB[22m
[2m.svelte-kit/output/client/[22m[36m_app/immutable/chunks/DizhHcAY.js               [39m[1m[2m 3.30 kB[22m[1m[22m[2m │ gzip:  1.58 kB[22m
[2m.svelte-kit/output/client/[22m[36m_app/immutable/chunks/F0VplODP.js               [39m[1m[2m 3.46 kB[22m[1m[22m[2m │ gzip:  1.77 kB[22m
[2m.svelte-kit/output/client/[22m[36m_app/immutable/chunks/DXYhbSYO.js               [39m[1m[2m 4.49 kB[22m[1m[22m[2m │ gzip:  2.08 kB[22m
[2m.svelte-kit/output/client/[22m[36m_app/immutable/nodes/7.BhtvHpL5.js              [39m[1m[2m 4.71 kB[22m[1m[22m[2m │ gzip:  2.33 kB[22m
[2m.svelte-kit/output/client/[22m[36m_app/immutable/nodes/6.CltWxNHF.js              [39m[1m[2m 5.75 kB[22m[1m[22m[2m │ gzip:  2.13 kB[22m
[2m.svelte-kit/output/client/[22m[36m_app/immutable/entry/app.CULK-1ut.js            [39m[1m[2m 8.37 kB[22m[1m[22m[2m │ gzip:  3.73 kB[22m
[2m.svelte-kit/output/client/[22m[36m_app/immutable/chunks/CdhFtgFe.js               [39m[1m[2m 8.91 kB[22m[1m[22m[2m │ gzip:  3.84 kB[22m
[2m.svelte-kit/output/client/[22m[36m_app/immutable/chunks/C0Jv-uHY.js               [39m[1m[2m25.40 kB[22m[1m[22m[2m │ gzip:  9.95 kB[22m
[2m.svelte-kit/output/client/[22m[36m_app/immutable/chunks/D1E5yylv.js               [39m[1m[2m33.76 kB[22m[1m[22m[2m │ gzip: 12.95 kB[22m
[32m✓ built in 1.76s[39m

node:internal/event_target:1101
  process.nextTick(() => { throw err; });
                           ^
Error: The following routes were marked as prerenderable, but were not prerendered because they were not found while crawling your app:
  - /profile/[id]
  - /repo/[id]

See the `handleUnseenRoutes` option in https://svelte.dev/docs/kit/configuration#prerender for more info.
To suppress or handle this error, implement `handleUnseenRoutes` in https://svelte.dev/docs/kit/configuration#prerender
    at file:///G:/Development/ai-ranking-web/node_modules/@sveltejs/kit/src/core/config/options.js:264:13
    at file:///G:/Development/ai-ranking-web/node_modules/@sveltejs/kit/src/core/postbuild/prerender.js:75:25
    at prerender (file:///G:/Development/ai-ranking-web/node_modules/@sveltejs/kit/src/core/postbuild/prerender.js:589:3)
    at async MessagePort.<anonymous> (file:///G:/Development/ai-ranking-web/node_modules/@sveltejs/kit/src/utils/fork.js:23:16)

Node.js v22.19.0
error: script "build" exited with code 1
